[0m[1mdata.archive_file.lambda_zip: Reading...[0m[0m
[0m[1mdata.archive_file.lambda_zip: Read complete after 0s [id=1c0d3a7398067804b2057af3e21770b6553b2d3c][0m
[0m[1mdata.aws_vpc.default: Reading...[0m[0m
[0m[1maws_iam_role.ec2_instance: Refreshing state... [id=joel-hello-ec2-role][0m
[0m[1maws_apigatewayv2_api.hello_world: Refreshing state... [id=t06rzdadnk][0m
[0m[1mdata.aws_ami.amazon_linux_2023: Reading...[0m[0m
[0m[1maws_apigatewayv2_stage.default: Refreshing state... [id=$default][0m
[0m[1maws_iam_instance_profile.ec2: Refreshing state... [id=joel-hello-ec2-profile][0m
[0m[1mdata.aws_ami.amazon_linux_2023: Read complete after 2s [id=ami-08b82e20afc4c4034][0m
[0m[1mdata.aws_vpc.default: Read complete after 3s [id=vpc-0150f403c7d789d47][0m
[0m[1mdata.aws_subnets.default: Reading...[0m[0m
[0m[1maws_security_group.alb: Refreshing state... [id=sg-08734c6be62c8729a][0m
[0m[1mdata.aws_subnets.default: Read complete after 0s [id=us-east-1][0m
[0m[1maws_security_group.ec2: Refreshing state... [id=sg-053f48efe70482e14][0m
[0m[1maws_instance.hello_world: Refreshing state... [id=i-030402dfd467bf518][0m

Terraform used the selected providers to generate the following execution
plan. Resource actions are indicated with the following symbols:
  [31m-[0m destroy[0m

Terraform will perform the following actions:

[1m  # aws_apigatewayv2_api.hello_world[0m will be [1m[31mdestroyed[0m
[0m  [31m-[0m[0m resource "aws_apigatewayv2_api" "hello_world" {
      [31m-[0m[0m api_endpoint                 = "https://t06rzdadnk.execute-api.us-east-1.amazonaws.com" [90m-> null[0m[0m
      [31m-[0m[0m api_key_selection_expression = "$request.header.x-api-key" [90m-> null[0m[0m
      [31m-[0m[0m arn                          = "arn:aws:apigateway:us-east-1::/apis/t06rzdadnk" [90m-> null[0m[0m
      [31m-[0m[0m description                  = "Hello World HTTP API" [90m-> null[0m[0m
      [31m-[0m[0m disable_execute_api_endpoint = false [90m-> null[0m[0m
      [31m-[0m[0m execution_arn                = "arn:aws:execute-api:us-east-1:887284356392:t06rzdadnk" [90m-> null[0m[0m
      [31m-[0m[0m id                           = "t06rzdadnk" [90m-> null[0m[0m
      [31m-[0m[0m ip_address_type              = "ipv4" [90m-> null[0m[0m
      [31m-[0m[0m name                         = "joel-hello-api" [90m-> null[0m[0m
      [31m-[0m[0m protocol_type                = "HTTP" [90m-> null[0m[0m
      [31m-[0m[0m route_selection_expression   = "$request.method $request.path" [90m-> null[0m[0m
      [31m-[0m[0m tags                         = {
          [31m-[0m[0m "Environment" = "dev"
          [31m-[0m[0m "ManagedBy"   = "terraform"
          [31m-[0m[0m "Project"     = "hello-world"
        } [90m-> null[0m[0m
      [31m-[0m[0m tags_all                     = {
          [31m-[0m[0m "Environment" = "dev"
          [31m-[0m[0m "ManagedBy"   = "terraform"
          [31m-[0m[0m "Project"     = "hello-world"
        } [90m-> null[0m[0m
    }

[1m  # aws_apigatewayv2_stage.default[0m will be [1m[31mdestroyed[0m
[0m  [31m-[0m[0m resource "aws_apigatewayv2_stage" "default" {
      [31m-[0m[0m api_id          = "t06rzdadnk" [90m-> null[0m[0m
      [31m-[0m[0m arn             = "arn:aws:apigateway:us-east-1::/apis/t06rzdadnk/stages/$default" [90m-> null[0m[0m
      [31m-[0m[0m auto_deploy     = true [90m-> null[0m[0m
      [31m-[0m[0m deployment_id   = "g50hoq" [90m-> null[0m[0m
      [31m-[0m[0m execution_arn   = "arn:aws:execute-api:us-east-1:887284356392:t06rzdadnk/$default" [90m-> null[0m[0m
      [31m-[0m[0m id              = "$default" [90m-> null[0m[0m
      [31m-[0m[0m invoke_url      = "https://t06rzdadnk.execute-api.us-east-1.amazonaws.com/" [90m-> null[0m[0m
      [31m-[0m[0m name            = "$default" [90m-> null[0m[0m
      [31m-[0m[0m stage_variables = {} [90m-> null[0m[0m
      [31m-[0m[0m tags            = {} [90m-> null[0m[0m
      [31m-[0m[0m tags_all        = {} [90m-> null[0m[0m

      [31m-[0m[0m default_route_settings {
          [31m-[0m[0m data_trace_enabled       = false [90m-> null[0m[0m
          [31m-[0m[0m detailed_metrics_enabled = false [90m-> null[0m[0m
          [31m-[0m[0m throttling_burst_limit   = 0 [90m-> null[0m[0m
          [31m-[0m[0m throttling_rate_limit    = 0 [90m-> null[0m[0m
        }
    }

[1m  # aws_iam_instance_profile.ec2[0m will be [1m[31mdestroyed[0m
[0m  [31m-[0m[0m resource "aws_iam_instance_profile" "ec2" {
      [31m-[0m[0m arn         = "arn:aws:iam::887284356392:instance-profile/joel-hello-ec2-profile" [90m-> null[0m[0m
      [31m-[0m[0m create_date = "2026-03-27T08:15:02Z" [90m-> null[0m[0m
      [31m-[0m[0m id          = "joel-hello-ec2-profile" [90m-> null[0m[0m
      [31m-[0m[0m name        = "joel-hello-ec2-profile" [90m-> null[0m[0m
      [31m-[0m[0m path        = "/" [90m-> null[0m[0m
      [31m-[0m[0m role        = "joel-hello-ec2-role" [90m-> null[0m[0m
      [31m-[0m[0m tags        = {} [90m-> null[0m[0m
      [31m-[0m[0m tags_all    = {} [90m-> null[0m[0m
      [31m-[0m[0m unique_id   = "AIPA45FSE2UUAO7YNYW2Y" [90m-> null[0m[0m
    }

[1m  # aws_iam_role.ec2_instance[0m will be [1m[31mdestroyed[0m
[0m  [31m-[0m[0m resource "aws_iam_role" "ec2_instance" {
      [31m-[0m[0m arn                   = "arn:aws:iam::887284356392:role/joel-hello-ec2-role" [90m-> null[0m[0m
      [31m-[0m[0m assume_role_policy    = jsonencode(
            {
              [31m-[0m[0m Statement = [
                  [31m-[0m[0m {
                      [31m-[0m[0m Action    = "sts:AssumeRole"
                      [31m-[0m[0m Effect    = "Allow"
                      [31m-[0m[0m Principal = {
                          [31m-[0m[0m Service = "ec2.amazonaws.com"
                        }
                    },
                ]
              [31m-[0m[0m Version   = "2012-10-17"
            }
        ) [90m-> null[0m[0m
      [31m-[0m[0m create_date           = "2026-03-27T08:15:00Z" [90m-> null[0m[0m
      [31m-[0m[0m force_detach_policies = false [90m-> null[0m[0m
      [31m-[0m[0m id                    = "joel-hello-ec2-role" [90m-> null[0m[0m
      [31m-[0m[0m managed_policy_arns   = [] [90m-> null[0m[0m
      [31m-[0m[0m max_session_duration  = 3600 [90m-> null[0m[0m
      [31m-[0m[0m name                  = "joel-hello-ec2-role" [90m-> null[0m[0m
      [31m-[0m[0m path                  = "/" [90m-> null[0m[0m
      [31m-[0m[0m tags                  = {} [90m-> null[0m[0m
      [31m-[0m[0m tags_all              = {} [90m-> null[0m[0m
      [31m-[0m[0m unique_id             = "AROA45FSE2UUMEHYMY5AA" [90m-> null[0m[0m
    }

[1m  # aws_instance.hello_world[0m will be [1m[31mdestroyed[0m
[0m  [31m-[0m[0m resource "aws_instance" "hello_world" {
      [31m-[0m[0m ami                                  = "ami-08b82e20afc4c4034" [90m-> null[0m[0m
      [31m-[0m[0m arn                                  = "arn:aws:ec2:us-east-1:887284356392:instance/i-030402dfd467bf518" [90m-> null[0m[0m
      [31m-[0m[0m associate_public_ip_address          = true [90m-> null[0m[0m
      [31m-[0m[0m availability_zone                    = "us-east-1a" [90m-> null[0m[0m
      [31m-[0m[0m cpu_core_count                       = 1 [90m-> null[0m[0m
      [31m-[0m[0m cpu_threads_per_core                 = 1 [90m-> null[0m[0m
      [31m-[0m[0m disable_api_stop                     = false [90m-> null[0m[0m
      [31m-[0m[0m disable_api_termination              = false [90m-> null[0m[0m
      [31m-[0m[0m ebs_optimized                        = false [90m-> null[0m[0m
      [31m-[0m[0m get_password_data                    = false [90m-> null[0m[0m
      [31m-[0m[0m hibernation                          = false [90m-> null[0m[0m
      [31m-[0m[0m iam_instance_profile                 = "joel-hello-ec2-profile" [90m-> null[0m[0m
      [31m-[0m[0m id                                   = "i-030402dfd467bf518" [90m-> null[0m[0m
      [31m-[0m[0m instance_initiated_shutdown_behavior = "stop" [90m-> null[0m[0m
      [31m-[0m[0m instance_state                       = "shutting-down" [90m-> null[0m[0m
      [31m-[0m[0m instance_type                        = "t2.micro" [90m-> null[0m[0m
      [31m-[0m[0m ipv6_address_count                   = 0 [90m-> null[0m[0m
      [31m-[0m[0m ipv6_addresses                       = [] [90m-> null[0m[0m
      [31m-[0m[0m monitoring                           = false [90m-> null[0m[0m
      [31m-[0m[0m placement_partition_number           = 0 [90m-> null[0m[0m
      [31m-[0m[0m primary_network_interface_id         = "eni-09430d7a1d7d7351c" [90m-> null[0m[0m
      [31m-[0m[0m private_dns                          = "ip-172-31-42-182.ec2.internal" [90m-> null[0m[0m
      [31m-[0m[0m private_ip                           = "172.31.42.182" [90m-> null[0m[0m
      [31m-[0m[0m public_dns                           = "ec2-35-173-228-64.compute-1.amazonaws.com" [90m-> null[0m[0m
      [31m-[0m[0m public_ip                            = "35.173.228.64" [90m-> null[0m[0m
      [31m-[0m[0m secondary_private_ips                = [] [90m-> null[0m[0m
      [31m-[0m[0m security_groups                      = [
          [31m-[0m[0m "joel-hello-ec2-sg",
        ] [90m-> null[0m[0m
      [31m-[0m[0m source_dest_check                    = true [90m-> null[0m[0m
      [31m-[0m[0m subnet_id                            = "subnet-05695a66519e46585" [90m-> null[0m[0m
      [31m-[0m[0m tags                                 = {
          [31m-[0m[0m "Environment" = "dev"
          [31m-[0m[0m "ManagedBy"   = "terraform"
          [31m-[0m[0m "Name"        = "joel-hello-fastapi-ec2"
          [31m-[0m[0m "Project"     = "hello-world"
        } [90m-> null[0m[0m
      [31m-[0m[0m tags_all                             = {
          [31m-[0m[0m "Environment" = "dev"
          [31m-[0m[0m "ManagedBy"   = "terraform"
          [31m-[0m[0m "Name"        = "joel-hello-fastapi-ec2"
          [31m-[0m[0m "Project"     = "hello-world"
        } [90m-> null[0m[0m
      [31m-[0m[0m tenancy                              = "default" [90m-> null[0m[0m
      [31m-[0m[0m user_data                            = "e41e3d2c7a510c587e6d1d9cb078428b7a8c76fa" [90m-> null[0m[0m
      [31m-[0m[0m user_data_replace_on_change          = false [90m-> null[0m[0m
      [31m-[0m[0m vpc_security_group_ids               = [
          [31m-[0m[0m "sg-053f48efe70482e14",
        ] [90m-> null[0m[0m

      [31m-[0m[0m capacity_reservation_specification {
          [31m-[0m[0m capacity_reservation_preference = "open" [90m-> null[0m[0m
        }

      [31m-[0m[0m cpu_options {
          [31m-[0m[0m core_count       = 1 [90m-> null[0m[0m
          [31m-[0m[0m threads_per_core = 1 [90m-> null[0m[0m
        }

      [31m-[0m[0m credit_specification {
          [31m-[0m[0m cpu_credits = "standard" [90m-> null[0m[0m
        }

      [31m-[0m[0m enclave_options {
          [31m-[0m[0m enabled = false [90m-> null[0m[0m
        }

      [31m-[0m[0m maintenance_options {
          [31m-[0m[0m auto_recovery = "default" [90m-> null[0m[0m
        }

      [31m-[0m[0m metadata_options {
          [31m-[0m[0m http_endpoint               = "enabled" [90m-> null[0m[0m
          [31m-[0m[0m http_protocol_ipv6          = "disabled" [90m-> null[0m[0m
          [31m-[0m[0m http_put_response_hop_limit = 2 [90m-> null[0m[0m
          [31m-[0m[0m http_tokens                 = "required" [90m-> null[0m[0m
          [31m-[0m[0m instance_metadata_tags      = "disabled" [90m-> null[0m[0m
        }

      [31m-[0m[0m private_dns_name_options {
          [31m-[0m[0m enable_resource_name_dns_a_record    = false [90m-> null[0m[0m
          [31m-[0m[0m enable_resource_name_dns_aaaa_record = false [90m-> null[0m[0m
          [31m-[0m[0m hostname_type                        = "ip-name" [90m-> null[0m[0m
        }

      [31m-[0m[0m root_block_device {
          [31m-[0m[0m delete_on_termination = true [90m-> null[0m[0m
          [31m-[0m[0m device_name           = "/dev/xvda" [90m-> null[0m[0m
          [31m-[0m[0m encrypted             = false [90m-> null[0m[0m
          [31m-[0m[0m iops                  = 3000 [90m-> null[0m[0m
          [31m-[0m[0m tags                  = {} [90m-> null[0m[0m
          [31m-[0m[0m tags_all              = {} [90m-> null[0m[0m
          [31m-[0m[0m throughput            = 125 [90m-> null[0m[0m
          [31m-[0m[0m volume_id             = "vol-057c413422999e9b3" [90m-> null[0m[0m
          [31m-[0m[0m volume_size           = 30 [90m-> null[0m[0m
          [31m-[0m[0m volume_type           = "gp3" [90m-> null[0m[0m
        }
    }

[1m  # aws_security_group.alb[0m will be [1m[31mdestroyed[0m
[0m  [31m-[0m[0m resource "aws_security_group" "alb" {
      [31m-[0m[0m arn                    = "arn:aws:ec2:us-east-1:887284356392:security-group/sg-08734c6be62c8729a" [90m-> null[0m[0m
      [31m-[0m[0m description            = "Allow HTTP traffic to ALB" [90m-> null[0m[0m
      [31m-[0m[0m egress                 = [
          [31m-[0m[0m {
              [31m-[0m[0m cidr_blocks      = [
                  [31m-[0m[0m "0.0.0.0/0",
                ]
              [31m-[0m[0m description      = ""
              [31m-[0m[0m from_port        = 0
              [31m-[0m[0m ipv6_cidr_blocks = []
              [31m-[0m[0m prefix_list_ids  = []
              [31m-[0m[0m protocol         = "-1"
              [31m-[0m[0m security_groups  = []
              [31m-[0m[0m self             = false
              [31m-[0m[0m to_port          = 0
            },
        ] [90m-> null[0m[0m
      [31m-[0m[0m id                     = "sg-08734c6be62c8729a" [90m-> null[0m[0m
      [31m-[0m[0m ingress                = [
          [31m-[0m[0m {
              [31m-[0m[0m cidr_blocks      = [
                  [31m-[0m[0m "0.0.0.0/0",
                ]
              [31m-[0m[0m description      = ""
              [31m-[0m[0m from_port        = 80
              [31m-[0m[0m ipv6_cidr_blocks = []
              [31m-[0m[0m prefix_list_ids  = []
              [31m-[0m[0m protocol         = "tcp"
              [31m-[0m[0m security_groups  = []
              [31m-[0m[0m self             = false
              [31m-[0m[0m to_port          = 80
            },
        ] [90m-> null[0m[0m
      [31m-[0m[0m name                   = "joel-hello-alb-sg" [90m-> null[0m[0m
      [31m-[0m[0m owner_id               = "887284356392" [90m-> null[0m[0m
      [31m-[0m[0m revoke_rules_on_delete = false [90m-> null[0m[0m
      [31m-[0m[0m tags                   = {
          [31m-[0m[0m "Environment" = "dev"
          [31m-[0m[0m "ManagedBy"   = "terraform"
          [31m-[0m[0m "Project"     = "hello-world"
        } [90m-> null[0m[0m
      [31m-[0m[0m tags_all               = {
          [31m-[0m[0m "Environment" = "dev"
          [31m-[0m[0m "ManagedBy"   = "terraform"
          [31m-[0m[0m "Project"     = "hello-world"
        } [90m-> null[0m[0m
      [31m-[0m[0m vpc_id                 = "vpc-0150f403c7d789d47" [90m-> null[0m[0m
    }

[1m  # aws_security_group.ec2[0m will be [1m[31mdestroyed[0m
[0m  [31m-[0m[0m resource "aws_security_group" "ec2" {
      [31m-[0m[0m arn                    = "arn:aws:ec2:us-east-1:887284356392:security-group/sg-053f48efe70482e14" [90m-> null[0m[0m
      [31m-[0m[0m description            = "Allow traffic from ALB to FastAPI" [90m-> null[0m[0m
      [31m-[0m[0m egress                 = [
          [31m-[0m[0m {
              [31m-[0m[0m cidr_blocks      = [
                  [31m-[0m[0m "0.0.0.0/0",
                ]
              [31m-[0m[0m description      = ""
              [31m-[0m[0m from_port        = 0
              [31m-[0m[0m ipv6_cidr_blocks = []
              [31m-[0m[0m prefix_list_ids  = []
              [31m-[0m[0m protocol         = "-1"
              [31m-[0m[0m security_groups  = []
              [31m-[0m[0m self             = false
              [31m-[0m[0m to_port          = 0
            },
        ] [90m-> null[0m[0m
      [31m-[0m[0m id                     = "sg-053f48efe70482e14" [90m-> null[0m[0m
      [31m-[0m[0m ingress                = [
          [31m-[0m[0m {
              [31m-[0m[0m cidr_blocks      = []
              [31m-[0m[0m description      = "FastAPI from ALB"
              [31m-[0m[0m from_port        = 8000
              [31m-[0m[0m ipv6_cidr_blocks = []
              [31m-[0m[0m prefix_list_ids  = []
              [31m-[0m[0m protocol         = "tcp"
              [31m-[0m[0m security_groups  = [
                  [31m-[0m[0m "sg-08734c6be62c8729a",
                ]
              [31m-[0m[0m self             = false
              [31m-[0m[0m to_port          = 8000
            },
        ] [90m-> null[0m[0m
      [31m-[0m[0m name                   = "joel-hello-ec2-sg" [90m-> null[0m[0m
      [31m-[0m[0m owner_id               = "887284356392" [90m-> null[0m[0m
      [31m-[0m[0m revoke_rules_on_delete = false [90m-> null[0m[0m
      [31m-[0m[0m tags                   = {
          [31m-[0m[0m "Environment" = "dev"
          [31m-[0m[0m "ManagedBy"   = "terraform"
          [31m-[0m[0m "Project"     = "hello-world"
        } [90m-> null[0m[0m
      [31m-[0m[0m tags_all               = {
          [31m-[0m[0m "Environment" = "dev"
          [31m-[0m[0m "ManagedBy"   = "terraform"
          [31m-[0m[0m "Project"     = "hello-world"
        } [90m-> null[0m[0m
      [31m-[0m[0m vpc_id                 = "vpc-0150f403c7d789d47" [90m-> null[0m[0m
    }

[1mPlan:[0m 0 to add, 0 to change, 7 to destroy.
[0m
Changes to Outputs:
  [31m-[0m[0m api_url              = "https://t06rzdadnk.execute-api.us-east-1.amazonaws.com/" [90m-> null[0m[0m
  [31m-[0m[0m lambda_function_name = "joel-hello-hello-world" [90m-> null[0m[0m
[0m[1maws_instance.hello_world: Destroying... [id=i-030402dfd467bf518][0m[0m
[0m[1maws_instance.hello_world: Still destroying... [id=i-030402dfd467bf518, 10s elapsed][0m[0m
[0m[1maws_instance.hello_world: Destruction complete after 13s[0m
[0m[1maws_iam_instance_profile.ec2: Destroying... [id=joel-hello-ec2-profile][0m[0m
[0m[1maws_apigatewayv2_stage.default: Destroying... [id=$default][0m[0m
[0m[1maws_security_group.ec2: Destroying... [id=sg-053f48efe70482e14][0m[0m
[0m[1maws_apigatewayv2_stage.default: Destruction complete after 1s[0m
[0m[1maws_apigatewayv2_api.hello_world: Destroying... [id=t06rzdadnk][0m[0m
[0m[1maws_security_group.ec2: Destruction complete after 1s[0m
[0m[1maws_security_group.alb: Destroying... [id=sg-08734c6be62c8729a][0m[0m
[0m[1maws_iam_instance_profile.ec2: Destruction complete after 1s[0m
[0m[1maws_iam_role.ec2_instance: Destroying... [id=joel-hello-ec2-role][0m[0m
[0m[1maws_apigatewayv2_api.hello_world: Destruction complete after 1s[0m
[0m[1maws_iam_role.ec2_instance: Destruction complete after 1s[0m
[0m[1maws_security_group.alb: Destruction complete after 4s[0m
[0m[1m[32m
Destroy complete! Resources: 7 destroyed.
[0m